// Vitest Snapshot v1, https://vitest.dev/guide/snapshot.html

exports[`Button > matches snapshot 1`] = `"<button data-slot="button" data-variant="default" data-size="default" class="inline-flex items-center justify-center gap-2 whitespace-nowrap rounded-full border text-sm font-semibold transition-colors duration-150 disabled:pointer-events-none disabled:opacity-50 [&amp;_svg]:pointer-events-none [&amp;_svg:not([class*='size-'])]:size-4 shrink-0 [&amp;_svg]:shrink-0 outline-none focus-visible:ring-2 focus-visible:ring-ring focus-visible:ring-offset-2 focus-visible:ring-offset-background aria-invalid:border-destructive bg-primary text-primary-foreground border-primary hover:bg-primary/90 h-11 px-8 has-[>svg]:px-6"></button>"`;
